Analysis & Synthesis report for Battleship
Wed Apr 17 10:25:09 2024
Quartus Prime Version 20.1.1 Build 720 11/11/2020 SJ Lite Edition


---------------------
; Table of Contents ;
---------------------
  1. Legal Notice
  2. Analysis & Synthesis Summary
  3. Analysis & Synthesis Settings
  4. Parallel Compilation
  5. Analysis & Synthesis Source Files Read
  6. Analysis & Synthesis Resource Usage Summary
  7. Analysis & Synthesis Resource Utilization by Entity
  8. Registers Removed During Synthesis
  9. General Register Statistics
 10. Multiplexer Restructuring Statistics (Restructuring Performed)
 11. Parameter Settings for User Entity Instance: clock25mh:clock_iml|contador_parametrizable:divisor_clock
 12. Parameter Settings for User Entity Instance: contador_horizontal:contador_horizontal|contador_parametrizable:contador
 13. Parameter Settings for User Entity Instance: contador_horizontal:contador_horizontal|comparador_igual:comparador_igual
 14. Parameter Settings for User Entity Instance: contador_vertical:contador_vertical|contador_parametrizable:contador
 15. Parameter Settings for User Entity Instance: contador_vertical:contador_vertical|comparador_igual:comparador_igual
 16. Parameter Settings for User Entity Instance: sincronizador:sincronizador|comparador_mayor:comparador_hfront_porch
 17. Parameter Settings for User Entity Instance: sincronizador:sincronizador|comparador_mayor:comparador_hsync
 18. Parameter Settings for User Entity Instance: sincronizador:sincronizador|comparador_mayor:comparador_hback_porch
 19. Parameter Settings for User Entity Instance: sincronizador:sincronizador|comparador_mayor:comparador_vfront_porch
 20. Parameter Settings for User Entity Instance: sincronizador:sincronizador|comparador_mayor:comparador_vsync
 21. Parameter Settings for User Entity Instance: sincronizador:sincronizador|comparador_mayor:comparador_vback_porch
 22. Parameter Settings for User Entity Instance: generadorMatriz:generadorCuadricula
 23. Port Connectivity Checks: "generadorMatriz:generadorCuadricula"
 24. Port Connectivity Checks: "sincronizador:sincronizador|comparador_mayor:comparador_vback_porch"
 25. Port Connectivity Checks: "sincronizador:sincronizador|comparador_mayor:comparador_vsync"
 26. Port Connectivity Checks: "sincronizador:sincronizador|comparador_mayor:comparador_vfront_porch"
 27. Port Connectivity Checks: "sincronizador:sincronizador|comparador_mayor:comparador_hback_porch"
 28. Port Connectivity Checks: "sincronizador:sincronizador|comparador_mayor:comparador_hsync"
 29. Port Connectivity Checks: "sincronizador:sincronizador|comparador_mayor:comparador_hfront_porch"
 30. Port Connectivity Checks: "contador_vertical:contador_vertical|comparador_igual:comparador_igual"
 31. Port Connectivity Checks: "contador_horizontal:contador_horizontal|comparador_igual:comparador_igual"
 32. Port Connectivity Checks: "clock25mh:clock_iml|contador_parametrizable:divisor_clock"
 33. Post-Synthesis Netlist Statistics for Top Partition
 34. Elapsed Time Per Partition
 35. Analysis & Synthesis Messages



----------------
; Legal Notice ;
----------------
Copyright (C) 2020  Intel Corporation. All rights reserved.
Your use of Intel Corporation's design tools, logic functions 
and other software and tools, and any partner logic 
functions, and any output files from any of the foregoing 
(including device programming or simulation files), and any 
associated documentation or information are expressly subject 
to the terms and conditions of the Intel Program License 
Subscription Agreement, the Intel Quartus Prime License Agreement,
the Intel FPGA IP License Agreement, or other applicable license
agreement, including, without limitation, that your use is for
the sole purpose of programming logic devices manufactured by
Intel and sold by Intel or its authorized distributors.  Please
refer to the applicable agreement for further details, at
https://fpgasoftware.intel.com/eula.



+-------------------------------------------------------------------------------+
; Analysis & Synthesis Summary                                                  ;
+---------------------------------+---------------------------------------------+
; Analysis & Synthesis Status     ; Successful - Wed Apr 17 10:25:09 2024       ;
; Quartus Prime Version           ; 20.1.1 Build 720 11/11/2020 SJ Lite Edition ;
; Revision Name                   ; Battleship                                  ;
; Top-level Entity Name           ; controlador_vga                             ;
; Family                          ; Cyclone V                                   ;
; Logic utilization (in ALMs)     ; N/A                                         ;
; Total registers                 ; 21                                          ;
; Total pins                      ; 30                                          ;
; Total virtual pins              ; 0                                           ;
; Total block memory bits         ; 0                                           ;
; Total DSP Blocks                ; 0                                           ;
; Total HSSI RX PCSs              ; 0                                           ;
; Total HSSI PMA RX Deserializers ; 0                                           ;
; Total HSSI TX PCSs              ; 0                                           ;
; Total HSSI PMA TX Serializers   ; 0                                           ;
; Total PLLs                      ; 0                                           ;
; Total DLLs                      ; 0                                           ;
+---------------------------------+---------------------------------------------+


+---------------------------------------------------------------------------------------------------------------------------+
; Analysis & Synthesis Settings                                                                                             ;
+---------------------------------------------------------------------------------+--------------------+--------------------+
; Option                                                                          ; Setting            ; Default Value      ;
+---------------------------------------------------------------------------------+--------------------+--------------------+
; Device                                                                          ; 5CSEMA5F31C6       ;                    ;
; Top-level entity name                                                           ; controlador_vga    ; Battleship         ;
; Family name                                                                     ; Cyclone V          ; Cyclone V          ;
; Use smart compilation                                                           ; Off                ; Off                ;
; Enable parallel Assembler and Timing Analyzer during compilation                ; On                 ; On                 ;
; Enable compact report table                                                     ; Off                ; Off                ;
; Restructure Multiplexers                                                        ; Auto               ; Auto               ;
; MLAB Add Timing Constraints For Mixed-Port Feed-Through Mode Setting Don't Care ; Off                ; Off                ;
; Create Debugging Nodes for IP Cores                                             ; Off                ; Off                ;
; Preserve fewer node names                                                       ; On                 ; On                 ;
; Intel FPGA IP Evaluation Mode                                                   ; Enable             ; Enable             ;
; Verilog Version                                                                 ; Verilog_2001       ; Verilog_2001       ;
; VHDL Version                                                                    ; VHDL_1993          ; VHDL_1993          ;
; State Machine Processing                                                        ; Auto               ; Auto               ;
; Safe State Machine                                                              ; Off                ; Off                ;
; Extract Verilog State Machines                                                  ; On                 ; On                 ;
; Extract VHDL State Machines                                                     ; On                 ; On                 ;
; Ignore Verilog initial constructs                                               ; Off                ; Off                ;
; Iteration limit for constant Verilog loops                                      ; 5000               ; 5000               ;
; Iteration limit for non-constant Verilog loops                                  ; 250                ; 250                ;
; Add Pass-Through Logic to Inferred RAMs                                         ; On                 ; On                 ;
; Infer RAMs from Raw Logic                                                       ; On                 ; On                 ;
; Parallel Synthesis                                                              ; On                 ; On                 ;
; DSP Block Balancing                                                             ; Auto               ; Auto               ;
; NOT Gate Push-Back                                                              ; On                 ; On                 ;
; Power-Up Don't Care                                                             ; On                 ; On                 ;
; Remove Redundant Logic Cells                                                    ; Off                ; Off                ;
; Remove Duplicate Registers                                                      ; On                 ; On                 ;
; Ignore CARRY Buffers                                                            ; Off                ; Off                ;
; Ignore CASCADE Buffers                                                          ; Off                ; Off                ;
; Ignore GLOBAL Buffers                                                           ; Off                ; Off                ;
; Ignore ROW GLOBAL Buffers                                                       ; Off                ; Off                ;
; Ignore LCELL Buffers                                                            ; Off                ; Off                ;
; Ignore SOFT Buffers                                                             ; On                 ; On                 ;
; Limit AHDL Integers to 32 Bits                                                  ; Off                ; Off                ;
; Optimization Technique                                                          ; Balanced           ; Balanced           ;
; Carry Chain Length                                                              ; 70                 ; 70                 ;
; Auto Carry Chains                                                               ; On                 ; On                 ;
; Auto Open-Drain Pins                                                            ; On                 ; On                 ;
; Perform WYSIWYG Primitive Resynthesis                                           ; Off                ; Off                ;
; Auto ROM Replacement                                                            ; On                 ; On                 ;
; Auto RAM Replacement                                                            ; On                 ; On                 ;
; Auto DSP Block Replacement                                                      ; On                 ; On                 ;
; Auto Shift Register Replacement                                                 ; Auto               ; Auto               ;
; Allow Shift Register Merging across Hierarchies                                 ; Auto               ; Auto               ;
; Auto Clock Enable Replacement                                                   ; On                 ; On                 ;
; Strict RAM Replacement                                                          ; Off                ; Off                ;
; Allow Synchronous Control Signals                                               ; On                 ; On                 ;
; Force Use of Synchronous Clear Signals                                          ; Off                ; Off                ;
; Auto Resource Sharing                                                           ; Off                ; Off                ;
; Allow Any RAM Size For Recognition                                              ; Off                ; Off                ;
; Allow Any ROM Size For Recognition                                              ; Off                ; Off                ;
; Allow Any Shift Register Size For Recognition                                   ; Off                ; Off                ;
; Use LogicLock Constraints during Resource Balancing                             ; On                 ; On                 ;
; Ignore translate_off and synthesis_off directives                               ; Off                ; Off                ;
; Timing-Driven Synthesis                                                         ; On                 ; On                 ;
; Report Parameter Settings                                                       ; On                 ; On                 ;
; Report Source Assignments                                                       ; On                 ; On                 ;
; Report Connectivity Checks                                                      ; On                 ; On                 ;
; Ignore Maximum Fan-Out Assignments                                              ; Off                ; Off                ;
; Synchronization Register Chain Length                                           ; 3                  ; 3                  ;
; Power Optimization During Synthesis                                             ; Normal compilation ; Normal compilation ;
; HDL message level                                                               ; Level2             ; Level2             ;
; Suppress Register Optimization Related Messages                                 ; Off                ; Off                ;
; Number of Removed Registers Reported in Synthesis Report                        ; 5000               ; 5000               ;
; Number of Swept Nodes Reported in Synthesis Report                              ; 5000               ; 5000               ;
; Number of Inverted Registers Reported in Synthesis Report                       ; 100                ; 100                ;
; Clock MUX Protection                                                            ; On                 ; On                 ;
; Auto Gated Clock Conversion                                                     ; Off                ; Off                ;
; Block Design Naming                                                             ; Auto               ; Auto               ;
; SDC constraint protection                                                       ; Off                ; Off                ;
; Synthesis Effort                                                                ; Auto               ; Auto               ;
; Shift Register Replacement - Allow Asynchronous Clear Signal                    ; On                 ; On                 ;
; Pre-Mapping Resynthesis Optimization                                            ; Off                ; Off                ;
; Analysis & Synthesis Message Level                                              ; Medium             ; Medium             ;
; Disable Register Merging Across Hierarchies                                     ; Auto               ; Auto               ;
; Resource Aware Inference For Block RAM                                          ; On                 ; On                 ;
; Automatic Parallel Synthesis                                                    ; On                 ; On                 ;
; Partial Reconfiguration Bitstream ID                                            ; Off                ; Off                ;
+---------------------------------------------------------------------------------+--------------------+--------------------+


+------------------------------------------+
; Parallel Compilation                     ;
+----------------------------+-------------+
; Processors                 ; Number      ;
+----------------------------+-------------+
; Number detected on machine ; 20          ;
; Maximum allowed            ; 14          ;
;                            ;             ;
; Average used               ; 1.00        ;
; Maximum used               ; 14          ;
;                            ;             ;
; Usage by Processor         ; % Time Used ;
;     Processor 1            ; 100.0%      ;
;     Processors 2-14        ;   0.0%      ;
+----------------------------+-------------+


+-------------------------------------------------------------------------------------------------------------------------------------------------------------------------------------------------------------------------------------------+
; Analysis & Synthesis Source Files Read                                                                                                                                                                                                    ;
+----------------------------------+-----------------+------------------------------+---------------------------------------------------------------------------------------------------------------------------------------------+---------+
; File Name with User-Entered Path ; Used in Netlist ; File Type                    ; File Name with Absolute Path                                                                                                                ; Library ;
+----------------------------------+-----------------+------------------------------+---------------------------------------------------------------------------------------------------------------------------------------------+---------+
; clock25mh.sv                     ; yes             ; User SystemVerilog HDL File  ; C:/Users/edgar/Downloads/dbrenes_digital_design_lab_2024-Lab3/dbrenes_digital_design_lab_2024-Lab3/laboratorio_3/clock25mh.sv               ;         ;
; sincronizador.sv                 ; yes             ; User SystemVerilog HDL File  ; C:/Users/edgar/Downloads/dbrenes_digital_design_lab_2024-Lab3/dbrenes_digital_design_lab_2024-Lab3/laboratorio_3/sincronizador.sv           ;         ;
; generadorMatriz.sv               ; yes             ; User SystemVerilog HDL File  ; C:/Users/edgar/Downloads/dbrenes_digital_design_lab_2024-Lab3/dbrenes_digital_design_lab_2024-Lab3/laboratorio_3/generadorMatriz.sv         ;         ;
; controlador_vga.sv               ; yes             ; User SystemVerilog HDL File  ; C:/Users/edgar/Downloads/dbrenes_digital_design_lab_2024-Lab3/dbrenes_digital_design_lab_2024-Lab3/laboratorio_3/controlador_vga.sv         ;         ;
; contador_vertical.sv             ; yes             ; User SystemVerilog HDL File  ; C:/Users/edgar/Downloads/dbrenes_digital_design_lab_2024-Lab3/dbrenes_digital_design_lab_2024-Lab3/laboratorio_3/contador_vertical.sv       ;         ;
; contador_parametrizable.sv       ; yes             ; User SystemVerilog HDL File  ; C:/Users/edgar/Downloads/dbrenes_digital_design_lab_2024-Lab3/dbrenes_digital_design_lab_2024-Lab3/laboratorio_3/contador_parametrizable.sv ;         ;
; contador_horizontal.sv           ; yes             ; User SystemVerilog HDL File  ; C:/Users/edgar/Downloads/dbrenes_digital_design_lab_2024-Lab3/dbrenes_digital_design_lab_2024-Lab3/laboratorio_3/contador_horizontal.sv     ;         ;
; comparador_mayor.sv              ; yes             ; User SystemVerilog HDL File  ; C:/Users/edgar/Downloads/dbrenes_digital_design_lab_2024-Lab3/dbrenes_digital_design_lab_2024-Lab3/laboratorio_3/comparador_mayor.sv        ;         ;
; comparador_igual.sv              ; yes             ; User SystemVerilog HDL File  ; C:/Users/edgar/Downloads/dbrenes_digital_design_lab_2024-Lab3/dbrenes_digital_design_lab_2024-Lab3/laboratorio_3/comparador_igual.sv        ;         ;
+----------------------------------+-----------------+------------------------------+---------------------------------------------------------------------------------------------------------------------------------------------+---------+


+------------------------------------------------------------------------------------------+
; Analysis & Synthesis Resource Usage Summary                                              ;
+---------------------------------------------+--------------------------------------------+
; Resource                                    ; Usage                                      ;
+---------------------------------------------+--------------------------------------------+
; Estimate of Logic utilization (ALMs needed) ; 216                                        ;
;                                             ;                                            ;
; Combinational ALUT usage for logic          ; 306                                        ;
;     -- 7 input functions                    ; 0                                          ;
;     -- 6 input functions                    ; 126                                        ;
;     -- 5 input functions                    ; 49                                         ;
;     -- 4 input functions                    ; 25                                         ;
;     -- <=3 input functions                  ; 106                                        ;
;                                             ;                                            ;
; Dedicated logic registers                   ; 21                                         ;
;                                             ;                                            ;
; I/O pins                                    ; 30                                         ;
;                                             ;                                            ;
; Total DSP Blocks                            ; 0                                          ;
;                                             ;                                            ;
; Maximum fan-out node                        ; generadorMatriz:generadorCuadricula|Add4~5 ;
; Maximum fan-out                             ; 24                                         ;
; Total fan-out                               ; 1435                                       ;
; Average fan-out                             ; 3.71                                       ;
+---------------------------------------------+--------------------------------------------+


+----------------------------------------------------------------------------------------------------------------------------------------------------------------------------------------------------------------------------------------------------------------------------------------------+
; Analysis & Synthesis Resource Utilization by Entity                                                                                                                                                                                                                                          ;
+-----------------------------------------------+---------------------+---------------------------+-------------------+------------+------+--------------+--------------------------------------------------------------------------------------------+-------------------------+--------------+
; Compilation Hierarchy Node                    ; Combinational ALUTs ; Dedicated Logic Registers ; Block Memory Bits ; DSP Blocks ; Pins ; Virtual Pins ; Full Hierarchy Name                                                                        ; Entity Name             ; Library Name ;
+-----------------------------------------------+---------------------+---------------------------+-------------------+------------+------+--------------+--------------------------------------------------------------------------------------------+-------------------------+--------------+
; |controlador_vga                              ; 306 (0)             ; 21 (0)                    ; 0                 ; 0          ; 30   ; 0            ; |controlador_vga                                                                           ; controlador_vga         ; work         ;
;    |clock25mh:clock_iml|                      ; 1 (0)               ; 1 (0)                     ; 0                 ; 0          ; 0    ; 0            ; |controlador_vga|clock25mh:clock_iml                                                       ; clock25mh               ; work         ;
;       |contador_parametrizable:divisor_clock| ; 1 (1)               ; 1 (1)                     ; 0                 ; 0          ; 0    ; 0            ; |controlador_vga|clock25mh:clock_iml|contador_parametrizable:divisor_clock                 ; contador_parametrizable ; work         ;
;    |contador_horizontal:contador_horizontal|  ; 13 (1)              ; 10 (0)                    ; 0                 ; 0          ; 0    ; 0            ; |controlador_vga|contador_horizontal:contador_horizontal                                   ; contador_horizontal     ; work         ;
;       |comparador_igual:comparador_igual|     ; 2 (2)               ; 0 (0)                     ; 0                 ; 0          ; 0    ; 0            ; |controlador_vga|contador_horizontal:contador_horizontal|comparador_igual:comparador_igual ; comparador_igual        ; work         ;
;       |contador_parametrizable:contador|      ; 10 (10)             ; 10 (10)                   ; 0                 ; 0          ; 0    ; 0            ; |controlador_vga|contador_horizontal:contador_horizontal|contador_parametrizable:contador  ; contador_parametrizable ; work         ;
;    |contador_vertical:contador_vertical|      ; 13 (1)              ; 10 (0)                    ; 0                 ; 0          ; 0    ; 0            ; |controlador_vga|contador_vertical:contador_vertical                                       ; contador_vertical       ; work         ;
;       |comparador_igual:comparador_igual|     ; 2 (2)               ; 0 (0)                     ; 0                 ; 0          ; 0    ; 0            ; |controlador_vga|contador_vertical:contador_vertical|comparador_igual:comparador_igual     ; comparador_igual        ; work         ;
;       |contador_parametrizable:contador|      ; 10 (10)             ; 10 (10)                   ; 0                 ; 0          ; 0    ; 0            ; |controlador_vga|contador_vertical:contador_vertical|contador_parametrizable:contador      ; contador_parametrizable ; work         ;
;    |generadorMatriz:generadorCuadricula|      ; 272 (272)           ; 0 (0)                     ; 0                 ; 0          ; 0    ; 0            ; |controlador_vga|generadorMatriz:generadorCuadricula                                       ; generadorMatriz         ; work         ;
;    |sincronizador:sincronizador|              ; 7 (7)               ; 0 (0)                     ; 0                 ; 0          ; 0    ; 0            ; |controlador_vga|sincronizador:sincronizador                                               ; sincronizador           ; work         ;
+-----------------------------------------------+---------------------+---------------------------+-------------------+------------+------+--------------+--------------------------------------------------------------------------------------------+-------------------------+--------------+
Note: For table entries with two numbers listed, the numbers in parentheses indicate the number of resources of the given type used by the specific entity alone. The numbers listed outside of parentheses indicate the total resources of the given type used by the specific entity and all of its sub-entities in the hierarchy.


+--------------------------------------------------------------------------------------------+
; Registers Removed During Synthesis                                                         ;
+-----------------------------------------------------------------------+--------------------+
; Register name                                                         ; Reason for Removal ;
+-----------------------------------------------------------------------+--------------------+
; clock25mh:clock_iml|contador_parametrizable:divisor_clock|contador[1] ; Lost fanout        ;
; Total Number of Removed Registers = 1                                 ;                    ;
+-----------------------------------------------------------------------+--------------------+


+------------------------------------------------------+
; General Register Statistics                          ;
+----------------------------------------------+-------+
; Statistic                                    ; Value ;
+----------------------------------------------+-------+
; Total registers                              ; 21    ;
; Number of registers using Synchronous Clear  ; 20    ;
; Number of registers using Synchronous Load   ; 0     ;
; Number of registers using Asynchronous Clear ; 0     ;
; Number of registers using Asynchronous Load  ; 0     ;
; Number of registers using Clock Enable       ; 0     ;
; Number of registers using Preset             ; 0     ;
+----------------------------------------------+-------+


+--------------------------------------------------------------------------------------------------------------------------------------------------------------------------+
; Multiplexer Restructuring Statistics (Restructuring Performed)                                                                                                           ;
+--------------------+-----------+---------------+----------------------+------------------------+------------+------------------------------------------------------------+
; Multiplexer Inputs ; Bus Width ; Baseline Area ; Area if Restructured ; Saving if Restructured ; Registered ; Example Multiplexer Output                                 ;
+--------------------+-----------+---------------+----------------------+------------------------+------------+------------------------------------------------------------+
; 3:1                ; 2 bits    ; 4 LEs         ; 4 LEs                ; 0 LEs                  ; No         ; |controlador_vga|generadorMatriz:generadorCuadricula|green ;
+--------------------+-----------+---------------+----------------------+------------------------+------------+------------------------------------------------------------+


+--------------------------------------------------------------------------------------------------------+
; Parameter Settings for User Entity Instance: clock25mh:clock_iml|contador_parametrizable:divisor_clock ;
+----------------+-------+-------------------------------------------------------------------------------+
; Parameter Name ; Value ; Type                                                                          ;
+----------------+-------+-------------------------------------------------------------------------------+
; n              ; 2     ; Signed Integer                                                                ;
+----------------+-------+-------------------------------------------------------------------------------+
Note: In order to hide this table in the UI and the text report file, please set the "Show Parameter Settings in Synthesis Report" option in "Analysis and Synthesis Settings -> More Settings" to "Off".


+-----------------------------------------------------------------------------------------------------------------------+
; Parameter Settings for User Entity Instance: contador_horizontal:contador_horizontal|contador_parametrizable:contador ;
+----------------+-------+----------------------------------------------------------------------------------------------+
; Parameter Name ; Value ; Type                                                                                         ;
+----------------+-------+----------------------------------------------------------------------------------------------+
; n              ; 10    ; Signed Integer                                                                               ;
+----------------+-------+----------------------------------------------------------------------------------------------+
Note: In order to hide this table in the UI and the text report file, please set the "Show Parameter Settings in Synthesis Report" option in "Analysis and Synthesis Settings -> More Settings" to "Off".


+------------------------------------------------------------------------------------------------------------------------+
; Parameter Settings for User Entity Instance: contador_horizontal:contador_horizontal|comparador_igual:comparador_igual ;
+----------------+-------+-----------------------------------------------------------------------------------------------+
; Parameter Name ; Value ; Type                                                                                          ;
+----------------+-------+-----------------------------------------------------------------------------------------------+
; n              ; 10    ; Signed Integer                                                                                ;
+----------------+-------+-----------------------------------------------------------------------------------------------+
Note: In order to hide this table in the UI and the text report file, please set the "Show Parameter Settings in Synthesis Report" option in "Analysis and Synthesis Settings -> More Settings" to "Off".


+-------------------------------------------------------------------------------------------------------------------+
; Parameter Settings for User Entity Instance: contador_vertical:contador_vertical|contador_parametrizable:contador ;
+----------------+-------+------------------------------------------------------------------------------------------+
; Parameter Name ; Value ; Type                                                                                     ;
+----------------+-------+------------------------------------------------------------------------------------------+
; n              ; 10    ; Signed Integer                                                                           ;
+----------------+-------+------------------------------------------------------------------------------------------+
Note: In order to hide this table in the UI and the text report file, please set the "Show Parameter Settings in Synthesis Report" option in "Analysis and Synthesis Settings -> More Settings" to "Off".


+--------------------------------------------------------------------------------------------------------------------+
; Parameter Settings for User Entity Instance: contador_vertical:contador_vertical|comparador_igual:comparador_igual ;
+----------------+-------+-------------------------------------------------------------------------------------------+
; Parameter Name ; Value ; Type                                                                                      ;
+----------------+-------+-------------------------------------------------------------------------------------------+
; n              ; 10    ; Signed Integer                                                                            ;
+----------------+-------+-------------------------------------------------------------------------------------------+
Note: In order to hide this table in the UI and the text report file, please set the "Show Parameter Settings in Synthesis Report" option in "Analysis and Synthesis Settings -> More Settings" to "Off".


+-------------------------------------------------------------------------------------------------------------------+
; Parameter Settings for User Entity Instance: sincronizador:sincronizador|comparador_mayor:comparador_hfront_porch ;
+----------------+-------+------------------------------------------------------------------------------------------+
; Parameter Name ; Value ; Type                                                                                     ;
+----------------+-------+------------------------------------------------------------------------------------------+
; n              ; 10    ; Signed Integer                                                                           ;
+----------------+-------+------------------------------------------------------------------------------------------+
Note: In order to hide this table in the UI and the text report file, please set the "Show Parameter Settings in Synthesis Report" option in "Analysis and Synthesis Settings -> More Settings" to "Off".


+------------------------------------------------------------------------------------------------------------+
; Parameter Settings for User Entity Instance: sincronizador:sincronizador|comparador_mayor:comparador_hsync ;
+----------------+-------+-----------------------------------------------------------------------------------+
; Parameter Name ; Value ; Type                                                                              ;
+----------------+-------+-----------------------------------------------------------------------------------+
; n              ; 10    ; Signed Integer                                                                    ;
+----------------+-------+-----------------------------------------------------------------------------------+
Note: In order to hide this table in the UI and the text report file, please set the "Show Parameter Settings in Synthesis Report" option in "Analysis and Synthesis Settings -> More Settings" to "Off".


+------------------------------------------------------------------------------------------------------------------+
; Parameter Settings for User Entity Instance: sincronizador:sincronizador|comparador_mayor:comparador_hback_porch ;
+----------------+-------+-----------------------------------------------------------------------------------------+
; Parameter Name ; Value ; Type                                                                                    ;
+----------------+-------+-----------------------------------------------------------------------------------------+
; n              ; 10    ; Signed Integer                                                                          ;
+----------------+-------+-----------------------------------------------------------------------------------------+
Note: In order to hide this table in the UI and the text report file, please set the "Show Parameter Settings in Synthesis Report" option in "Analysis and Synthesis Settings -> More Settings" to "Off".


+-------------------------------------------------------------------------------------------------------------------+
; Parameter Settings for User Entity Instance: sincronizador:sincronizador|comparador_mayor:comparador_vfront_porch ;
+----------------+-------+------------------------------------------------------------------------------------------+
; Parameter Name ; Value ; Type                                                                                     ;
+----------------+-------+------------------------------------------------------------------------------------------+
; n              ; 10    ; Signed Integer                                                                           ;
+----------------+-------+------------------------------------------------------------------------------------------+
Note: In order to hide this table in the UI and the text report file, please set the "Show Parameter Settings in Synthesis Report" option in "Analysis and Synthesis Settings -> More Settings" to "Off".


+------------------------------------------------------------------------------------------------------------+
; Parameter Settings for User Entity Instance: sincronizador:sincronizador|comparador_mayor:comparador_vsync ;
+----------------+-------+-----------------------------------------------------------------------------------+
; Parameter Name ; Value ; Type                                                                              ;
+----------------+-------+-----------------------------------------------------------------------------------+
; n              ; 10    ; Signed Integer                                                                    ;
+----------------+-------+-----------------------------------------------------------------------------------+
Note: In order to hide this table in the UI and the text report file, please set the "Show Parameter Settings in Synthesis Report" option in "Analysis and Synthesis Settings -> More Settings" to "Off".


+------------------------------------------------------------------------------------------------------------------+
; Parameter Settings for User Entity Instance: sincronizador:sincronizador|comparador_mayor:comparador_vback_porch ;
+----------------+-------+-----------------------------------------------------------------------------------------+
; Parameter Name ; Value ; Type                                                                                    ;
+----------------+-------+-----------------------------------------------------------------------------------------+
; n              ; 10    ; Signed Integer                                                                          ;
+----------------+-------+-----------------------------------------------------------------------------------------+
Note: In order to hide this table in the UI and the text report file, please set the "Show Parameter Settings in Synthesis Report" option in "Analysis and Synthesis Settings -> More Settings" to "Off".


+----------------------------------------------------------------------------------+
; Parameter Settings for User Entity Instance: generadorMatriz:generadorCuadricula ;
+----------------+-------+---------------------------------------------------------+
; Parameter Name ; Value ; Type                                                    ;
+----------------+-------+---------------------------------------------------------+
; ancho          ; 0101  ; Unsigned Binary                                         ;
+----------------+-------+---------------------------------------------------------+
Note: In order to hide this table in the UI and the text report file, please set the "Show Parameter Settings in Synthesis Report" option in "Analysis and Synthesis Settings -> More Settings" to "Off".


+-----------------------------------------------------------------+
; Port Connectivity Checks: "generadorMatriz:generadorCuadricula" ;
+------------------------+-------+----------+---------------------+
; Port                   ; Type  ; Severity ; Details             ;
+------------------------+-------+----------+---------------------+
; matrix_player[1..4]    ; Input ; Info     ; Stuck at GND        ;
; matrix_player[0][2..4] ; Input ; Info     ; Stuck at GND        ;
; matrix_player[0][0][1] ; Input ; Info     ; Stuck at GND        ;
; matrix_player[0][0][0] ; Input ; Info     ; Stuck at VCC        ;
; matrix_player[0][1][1] ; Input ; Info     ; Stuck at VCC        ;
; matrix_player[0][1][0] ; Input ; Info     ; Stuck at GND        ;
; matrix_pc[1..4]        ; Input ; Info     ; Stuck at GND        ;
; matrix_pc[0][2..4]     ; Input ; Info     ; Stuck at GND        ;
; matrix_pc[0][0]        ; Input ; Info     ; Stuck at VCC        ;
; matrix_pc[0][1][1]     ; Input ; Info     ; Stuck at VCC        ;
; matrix_pc[0][1][0]     ; Input ; Info     ; Stuck at GND        ;
+------------------------+-------+----------+---------------------+


+-------------------------------------------------------------------------------------------------+
; Port Connectivity Checks: "sincronizador:sincronizador|comparador_mayor:comparador_vback_porch" ;
+---------+-------+----------+--------------------------------------------------------------------+
; Port    ; Type  ; Severity ; Details                                                            ;
+---------+-------+----------+--------------------------------------------------------------------+
; b[8..5] ; Input ; Info     ; Stuck at VCC                                                       ;
; b[3..2] ; Input ; Info     ; Stuck at VCC                                                       ;
; b[1..0] ; Input ; Info     ; Stuck at GND                                                       ;
; b[9]    ; Input ; Info     ; Stuck at GND                                                       ;
; b[4]    ; Input ; Info     ; Stuck at GND                                                       ;
+---------+-------+----------+--------------------------------------------------------------------+


+-------------------------------------------------------------------------------------------+
; Port Connectivity Checks: "sincronizador:sincronizador|comparador_mayor:comparador_vsync" ;
+---------+-------+----------+--------------------------------------------------------------+
; Port    ; Type  ; Severity ; Details                                                      ;
+---------+-------+----------+--------------------------------------------------------------+
; b[8..5] ; Input ; Info     ; Stuck at VCC                                                 ;
; b[9]    ; Input ; Info     ; Stuck at GND                                                 ;
; b[4]    ; Input ; Info     ; Stuck at GND                                                 ;
; b[3]    ; Input ; Info     ; Stuck at VCC                                                 ;
; b[2]    ; Input ; Info     ; Stuck at GND                                                 ;
; b[1]    ; Input ; Info     ; Stuck at VCC                                                 ;
; b[0]    ; Input ; Info     ; Stuck at GND                                                 ;
+---------+-------+----------+--------------------------------------------------------------+


+--------------------------------------------------------------------------------------------------+
; Port Connectivity Checks: "sincronizador:sincronizador|comparador_mayor:comparador_vfront_porch" ;
+---------+-------+----------+---------------------------------------------------------------------+
; Port    ; Type  ; Severity ; Details                                                             ;
+---------+-------+----------+---------------------------------------------------------------------+
; b[8..5] ; Input ; Info     ; Stuck at VCC                                                        ;
; b[4..0] ; Input ; Info     ; Stuck at GND                                                        ;
; b[9]    ; Input ; Info     ; Stuck at GND                                                        ;
+---------+-------+----------+---------------------------------------------------------------------+


+-------------------------------------------------------------------------------------------------+
; Port Connectivity Checks: "sincronizador:sincronizador|comparador_mayor:comparador_hback_porch" ;
+---------+-------+----------+--------------------------------------------------------------------+
; Port    ; Type  ; Severity ; Details                                                            ;
+---------+-------+----------+--------------------------------------------------------------------+
; b[7..4] ; Input ; Info     ; Stuck at VCC                                                       ;
; b[3..0] ; Input ; Info     ; Stuck at GND                                                       ;
; b[9]    ; Input ; Info     ; Stuck at VCC                                                       ;
; b[8]    ; Input ; Info     ; Stuck at GND                                                       ;
+---------+-------+----------+--------------------------------------------------------------------+


+-------------------------------------------------------------------------------------------+
; Port Connectivity Checks: "sincronizador:sincronizador|comparador_mayor:comparador_hsync" ;
+---------+-------+----------+--------------------------------------------------------------+
; Port    ; Type  ; Severity ; Details                                                      ;
+---------+-------+----------+--------------------------------------------------------------+
; b[6..5] ; Input ; Info     ; Stuck at GND                                                 ;
; b[3..0] ; Input ; Info     ; Stuck at GND                                                 ;
; b[9]    ; Input ; Info     ; Stuck at VCC                                                 ;
; b[8]    ; Input ; Info     ; Stuck at GND                                                 ;
; b[7]    ; Input ; Info     ; Stuck at VCC                                                 ;
; b[4]    ; Input ; Info     ; Stuck at VCC                                                 ;
+---------+-------+----------+--------------------------------------------------------------+


+--------------------------------------------------------------------------------------------------+
; Port Connectivity Checks: "sincronizador:sincronizador|comparador_mayor:comparador_hfront_porch" ;
+---------+-------+----------+---------------------------------------------------------------------+
; Port    ; Type  ; Severity ; Details                                                             ;
+---------+-------+----------+---------------------------------------------------------------------+
; b[6..0] ; Input ; Info     ; Stuck at GND                                                        ;
; b[9]    ; Input ; Info     ; Stuck at VCC                                                        ;
; b[8]    ; Input ; Info     ; Stuck at GND                                                        ;
; b[7]    ; Input ; Info     ; Stuck at VCC                                                        ;
+---------+-------+----------+---------------------------------------------------------------------+


+---------------------------------------------------------------------------------------------------+
; Port Connectivity Checks: "contador_vertical:contador_vertical|comparador_igual:comparador_igual" ;
+---------+-------+----------+----------------------------------------------------------------------+
; Port    ; Type  ; Severity ; Details                                                              ;
+---------+-------+----------+----------------------------------------------------------------------+
; a[3..2] ; Input ; Info     ; Stuck at VCC                                                         ;
; a[8..4] ; Input ; Info     ; Stuck at GND                                                         ;
; a[9]    ; Input ; Info     ; Stuck at VCC                                                         ;
; a[1]    ; Input ; Info     ; Stuck at GND                                                         ;
; a[0]    ; Input ; Info     ; Stuck at VCC                                                         ;
+---------+-------+----------+----------------------------------------------------------------------+


+-------------------------------------------------------------------------------------------------------+
; Port Connectivity Checks: "contador_horizontal:contador_horizontal|comparador_igual:comparador_igual" ;
+---------+-------+----------+--------------------------------------------------------------------------+
; Port    ; Type  ; Severity ; Details                                                                  ;
+---------+-------+----------+--------------------------------------------------------------------------+
; a[9..8] ; Input ; Info     ; Stuck at VCC                                                             ;
; a[7..6] ; Input ; Info     ; Stuck at GND                                                             ;
; a[4..0] ; Input ; Info     ; Stuck at GND                                                             ;
; a[5]    ; Input ; Info     ; Stuck at VCC                                                             ;
+---------+-------+----------+--------------------------------------------------------------------------+


+------------------------------------------------------------------------------------------------------------------+
; Port Connectivity Checks: "clock25mh:clock_iml|contador_parametrizable:divisor_clock"                            ;
+--------+--------+----------+-------------------------------------------------------------------------------------+
; Port   ; Type   ; Severity ; Details                                                                             ;
+--------+--------+----------+-------------------------------------------------------------------------------------+
; reset  ; Input  ; Info     ; Stuck at GND                                                                        ;
; out[1] ; Output ; Info     ; Connected to dangling logic. Logic that only feeds a dangling port will be removed. ;
+--------+--------+----------+-------------------------------------------------------------------------------------+


+-----------------------------------------------------+
; Post-Synthesis Netlist Statistics for Top Partition ;
+-----------------------+-----------------------------+
; Type                  ; Count                       ;
+-----------------------+-----------------------------+
; arriav_ff             ; 21                          ;
;     SCLR              ; 20                          ;
;     plain             ; 1                           ;
; arriav_lcell_comb     ; 310                         ;
;     arith             ; 72                          ;
;         0 data inputs ; 3                           ;
;         1 data inputs ; 69                          ;
;     normal            ; 238                         ;
;         1 data inputs ; 5                           ;
;         2 data inputs ; 20                          ;
;         3 data inputs ; 13                          ;
;         4 data inputs ; 25                          ;
;         5 data inputs ; 49                          ;
;         6 data inputs ; 126                         ;
; boundary_port         ; 30                          ;
;                       ;                             ;
; Max LUT depth         ; 8.50                        ;
; Average LUT depth     ; 6.77                        ;
+-----------------------+-----------------------------+


+-------------------------------+
; Elapsed Time Per Partition    ;
+----------------+--------------+
; Partition Name ; Elapsed Time ;
+----------------+--------------+
; Top            ; 00:00:00     ;
+----------------+--------------+


+-------------------------------+
; Analysis & Synthesis Messages ;
+-------------------------------+
Info: *******************************************************************
Info: Running Quartus Prime Analysis & Synthesis
    Info: Version 20.1.1 Build 720 11/11/2020 SJ Lite Edition
    Info: Processing started: Wed Apr 17 10:25:03 2024
Info: Command: quartus_map --read_settings_files=on --write_settings_files=off VGA -c Battleship
Warning (18236): Number of processors has not been specified which may cause overloading on shared machines.  Set the global assignment NUM_PARALLEL_PROCESSORS in your QSF to an appropriate value for best performance.
Info (20030): Parallel compilation is enabled and will use 14 of the 14 processors detected
Info (12021): Found 1 design units, including 1 entities, in source file clock25mh.sv
    Info (12023): Found entity 1: clock25mh File: C:/Users/edgar/Downloads/dbrenes_digital_design_lab_2024-Lab3/dbrenes_digital_design_lab_2024-Lab3/laboratorio_3/clock25mh.sv Line: 1
Info (12021): Found 1 design units, including 1 entities, in source file sincronizador.sv
    Info (12023): Found entity 1: sincronizador File: C:/Users/edgar/Downloads/dbrenes_digital_design_lab_2024-Lab3/dbrenes_digital_design_lab_2024-Lab3/laboratorio_3/sincronizador.sv Line: 1
Info (12021): Found 1 design units, including 1 entities, in source file generadormatriz.sv
    Info (12023): Found entity 1: generadorMatriz File: C:/Users/edgar/Downloads/dbrenes_digital_design_lab_2024-Lab3/dbrenes_digital_design_lab_2024-Lab3/laboratorio_3/generadorMatriz.sv Line: 1
Info (12021): Found 1 design units, including 1 entities, in source file controlador_vga.sv
    Info (12023): Found entity 1: controlador_vga File: C:/Users/edgar/Downloads/dbrenes_digital_design_lab_2024-Lab3/dbrenes_digital_design_lab_2024-Lab3/laboratorio_3/controlador_vga.sv Line: 1
Info (12021): Found 1 design units, including 1 entities, in source file contador_vertical.sv
    Info (12023): Found entity 1: contador_vertical File: C:/Users/edgar/Downloads/dbrenes_digital_design_lab_2024-Lab3/dbrenes_digital_design_lab_2024-Lab3/laboratorio_3/contador_vertical.sv Line: 1
Info (12021): Found 1 design units, including 1 entities, in source file contador_parametrizable.sv
    Info (12023): Found entity 1: contador_parametrizable File: C:/Users/edgar/Downloads/dbrenes_digital_design_lab_2024-Lab3/dbrenes_digital_design_lab_2024-Lab3/laboratorio_3/contador_parametrizable.sv Line: 1
Info (12021): Found 1 design units, including 1 entities, in source file contador_horizontal.sv
    Info (12023): Found entity 1: contador_horizontal File: C:/Users/edgar/Downloads/dbrenes_digital_design_lab_2024-Lab3/dbrenes_digital_design_lab_2024-Lab3/laboratorio_3/contador_horizontal.sv Line: 1
Info (12021): Found 1 design units, including 1 entities, in source file comparador_mayor.sv
    Info (12023): Found entity 1: comparador_mayor File: C:/Users/edgar/Downloads/dbrenes_digital_design_lab_2024-Lab3/dbrenes_digital_design_lab_2024-Lab3/laboratorio_3/comparador_mayor.sv Line: 1
Info (12021): Found 1 design units, including 1 entities, in source file comparador_igual.sv
    Info (12023): Found entity 1: comparador_igual File: C:/Users/edgar/Downloads/dbrenes_digital_design_lab_2024-Lab3/dbrenes_digital_design_lab_2024-Lab3/laboratorio_3/comparador_igual.sv Line: 1
Info (12127): Elaborating entity "controlador_vga" for the top level hierarchy
Info (10008): Verilog HDL or VHDL information: EDA Netlist Writer cannot regroup multidimensional array "matrix_player" into its bus
Info (10008): Verilog HDL or VHDL information: EDA Netlist Writer cannot regroup multidimensional array "matrix_pc" into its bus
Info (12128): Elaborating entity "clock25mh" for hierarchy "clock25mh:clock_iml" File: C:/Users/edgar/Downloads/dbrenes_digital_design_lab_2024-Lab3/dbrenes_digital_design_lab_2024-Lab3/laboratorio_3/controlador_vga.sv Line: 25
Info (12128): Elaborating entity "contador_parametrizable" for hierarchy "clock25mh:clock_iml|contador_parametrizable:divisor_clock" File: C:/Users/edgar/Downloads/dbrenes_digital_design_lab_2024-Lab3/dbrenes_digital_design_lab_2024-Lab3/laboratorio_3/clock25mh.sv Line: 14
Info (12128): Elaborating entity "contador_horizontal" for hierarchy "contador_horizontal:contador_horizontal" File: C:/Users/edgar/Downloads/dbrenes_digital_design_lab_2024-Lab3/dbrenes_digital_design_lab_2024-Lab3/laboratorio_3/controlador_vga.sv Line: 33
Info (12128): Elaborating entity "contador_parametrizable" for hierarchy "contador_horizontal:contador_horizontal|contador_parametrizable:contador" File: C:/Users/edgar/Downloads/dbrenes_digital_design_lab_2024-Lab3/dbrenes_digital_design_lab_2024-Lab3/laboratorio_3/contador_horizontal.sv Line: 18
Info (12128): Elaborating entity "comparador_igual" for hierarchy "contador_horizontal:contador_horizontal|comparador_igual:comparador_igual" File: C:/Users/edgar/Downloads/dbrenes_digital_design_lab_2024-Lab3/dbrenes_digital_design_lab_2024-Lab3/laboratorio_3/contador_horizontal.sv Line: 25
Info (12128): Elaborating entity "contador_vertical" for hierarchy "contador_vertical:contador_vertical" File: C:/Users/edgar/Downloads/dbrenes_digital_design_lab_2024-Lab3/dbrenes_digital_design_lab_2024-Lab3/laboratorio_3/controlador_vga.sv Line: 39
Info (12128): Elaborating entity "sincronizador" for hierarchy "sincronizador:sincronizador" File: C:/Users/edgar/Downloads/dbrenes_digital_design_lab_2024-Lab3/dbrenes_digital_design_lab_2024-Lab3/laboratorio_3/controlador_vga.sv Line: 48
Info (12128): Elaborating entity "comparador_mayor" for hierarchy "sincronizador:sincronizador|comparador_mayor:comparador_hfront_porch" File: C:/Users/edgar/Downloads/dbrenes_digital_design_lab_2024-Lab3/dbrenes_digital_design_lab_2024-Lab3/laboratorio_3/sincronizador.sv Line: 23
Info (12128): Elaborating entity "generadorMatriz" for hierarchy "generadorMatriz:generadorCuadricula" File: C:/Users/edgar/Downloads/dbrenes_digital_design_lab_2024-Lab3/dbrenes_digital_design_lab_2024-Lab3/laboratorio_3/controlador_vga.sv Line: 59
Warning (10036): Verilog HDL or VHDL warning at generadorMatriz.sv(12): object "azul" assigned a value but never read File: C:/Users/edgar/Downloads/dbrenes_digital_design_lab_2024-Lab3/dbrenes_digital_design_lab_2024-Lab3/laboratorio_3/generadorMatriz.sv Line: 12
Warning (10036): Verilog HDL or VHDL warning at generadorMatriz.sv(23): object "ajuste_x" assigned a value but never read File: C:/Users/edgar/Downloads/dbrenes_digital_design_lab_2024-Lab3/dbrenes_digital_design_lab_2024-Lab3/laboratorio_3/generadorMatriz.sv Line: 23
Warning (10036): Verilog HDL or VHDL warning at generadorMatriz.sv(24): object "ajuste_y" assigned a value but never read File: C:/Users/edgar/Downloads/dbrenes_digital_design_lab_2024-Lab3/dbrenes_digital_design_lab_2024-Lab3/laboratorio_3/generadorMatriz.sv Line: 24
Warning (10230): Verilog HDL assignment warning at generadorMatriz.sv(55): truncated value with size 32 to match size of target (10) File: C:/Users/edgar/Downloads/dbrenes_digital_design_lab_2024-Lab3/dbrenes_digital_design_lab_2024-Lab3/laboratorio_3/generadorMatriz.sv Line: 55
Warning (10230): Verilog HDL assignment warning at generadorMatriz.sv(54): truncated value with size 32 to match size of target (10) File: C:/Users/edgar/Downloads/dbrenes_digital_design_lab_2024-Lab3/dbrenes_digital_design_lab_2024-Lab3/laboratorio_3/generadorMatriz.sv Line: 54
Warning (10230): Verilog HDL assignment warning at generadorMatriz.sv(51): truncated value with size 32 to match size of target (10) File: C:/Users/edgar/Downloads/dbrenes_digital_design_lab_2024-Lab3/dbrenes_digital_design_lab_2024-Lab3/laboratorio_3/generadorMatriz.sv Line: 51
Warning (10230): Verilog HDL assignment warning at generadorMatriz.sv(77): truncated value with size 32 to match size of target (10) File: C:/Users/edgar/Downloads/dbrenes_digital_design_lab_2024-Lab3/dbrenes_digital_design_lab_2024-Lab3/laboratorio_3/generadorMatriz.sv Line: 77
Warning (10230): Verilog HDL assignment warning at generadorMatriz.sv(74): truncated value with size 32 to match size of target (10) File: C:/Users/edgar/Downloads/dbrenes_digital_design_lab_2024-Lab3/dbrenes_digital_design_lab_2024-Lab3/laboratorio_3/generadorMatriz.sv Line: 74
Info (10008): Verilog HDL or VHDL information: EDA Netlist Writer cannot regroup multidimensional array "matrix_player" into its bus
Info (10008): Verilog HDL or VHDL information: EDA Netlist Writer cannot regroup multidimensional array "matrix_pc" into its bus
Info (10008): Verilog HDL or VHDL information: EDA Netlist Writer cannot regroup multidimensional array "matrix_player" into its bus
Info (10008): Verilog HDL or VHDL information: EDA Netlist Writer cannot regroup multidimensional array "matrix_pc" into its bus
Info (286030): Timing-Driven Synthesis is running
Info (17049): 1 registers lost all their fanouts during netlist optimizations.
Info (16010): Generating hard_block partition "hard_block:auto_generated_inst"
    Info (16011): Adding 0 node(s), including 0 DDIO, 0 PLL, 0 transceiver and 0 LCELL
Info (21057): Implemented 336 device resources after synthesis - the final resource count might be different
    Info (21058): Implemented 2 input pins
    Info (21059): Implemented 28 output pins
    Info (21061): Implemented 306 logic cells
Info: Quartus Prime Analysis & Synthesis was successful. 0 errors, 9 warnings
    Info: Peak virtual memory: 4866 megabytes
    Info: Processing ended: Wed Apr 17 10:25:09 2024
    Info: Elapsed time: 00:00:06
    Info: Total CPU time (on all processors): 00:00:05


